// Jest Snapshot v1, https://goo.gl/fbAQLP

exports[`CarDetails matches snapshot 1`] = `
<main
  className="car__details"
>
  <header
    className="header"
  >
    <div>
      <img
        alt="Auto1LOgo"
        className="header__logo"
        src="auto1logo.jpg"
      />
    </div>
    <div
      className="header__nav"
      data-testid="header"
    >
      <a
        className="header__navlink"
        href="#purchase"
      >
        Purchase
      </a>
      <a
        className="header__navlink"
        href="#myOrders"
      >
        My Orders
      </a>
      <a
        className="header__navlink"
        href="#Sell"
      >
        Sell
      </a>
    </div>
  </header>
  <section
    className="car__details--content"
  >
    <div
      className="car__details--img"
    >
      <img />
    </div>
    <div
      className="car-view"
    >
      <div
        className="details"
      >
        <h1
          className="details__text--xlarge details__text--margin"
        />
        <h2
          className="details__text--large details__text--margin"
        >
          Stock #
		              undefined -
		              none-
		              undefined -
		              undefined
        </h2>
        <p
          className="details__text--small details__text--margin"
        >
          This car is currently available and can be delivered as soon as tomorrow morning. Please be aware that delivery times shown in this page are not definitive and may change due to bad weather conditions.
        </p>
      </div>
      <div
        className="save-car"
      >
        <div
          className="save-car__text"
        >
          <p
            className="save-car__text--small"
          >
            If you like this car, click the button and save it in your collection of favourite items.
          </p>
        </div>
        <div
          className="save-car__btn--wrapper"
        >
          <button
            className="filter-button btn btn-primary"
            disabled={false}
            onClick={[Function]}
            type="button"
          >
            Save
          </button>
        </div>
      </div>
    </div>
  </section>
  <footer
    className="footer"
  >
    <p
      className="footer__text"
    >
      Â© AUTO1 Group 2018
    </p>
  </footer>
</main>
`;
