// Jest Snapshot v1, https://goo.gl/fbAQLP

exports[`NotFound matches snapshot 1`] = `
Array [
  <header
    className="header"
  >
    <div>
      <img
        alt="Auto1LOgo"
        className="header__logo"
        src="auto1logo.jpg"
      />
    </div>
    <div
      className="header__nav"
      data-testid="header"
    >
      <a
        className="header__navlink"
        href="#purchase"
      >
        Purchase
      </a>
      <a
        className="header__navlink"
        href="#myOrders"
      >
        My Orders
      </a>
      <a
        className="header__navlink"
        href="#Sell"
      >
        Sell
      </a>
    </div>
  </header>,
  <div
    className="error__container"
  >
    <div
      className="error"
    >
      <img
        alt="Auto1"
        className="logo"
        src="auto1logo.jpg"
      />
      <h2
        className="error__text--dark error__text-large"
      >
        404 - Not Found
      </h2>
      <p
        className="error__text--medium error__text--dark"
      >
        Sorry, the page you are looking for does not exist.
      </p>
      <p
        className="error__text--medium"
      >
        You can always go back to the
        <a
          className="error__link"
          href="/"
        >
           homepage
        </a>
      </p>
    </div>
  </div>,
  <footer
    className="footer"
  >
    <p
      className="footer__text"
    >
      Â© AUTO1 Group 2018
    </p>
  </footer>,
]
`;
